// Jest Snapshot v1, https://goo.gl/fbAQLP

exports[`Login Page tests Snapshot match testing 1`] = `undefined`;
