// Jest Snapshot v1, https://goo.gl/fbAQLP

exports[`Input component tests Snapshot match testing 1`] = `undefined`;
